<html>
<body>
<pre>
<h1>µVision Build Log</h1>
<h2>Tool Versions:</h2>
IDE-Version: ¦ÌVision V5.14.0.0
Copyright (C) 2015 ARM Ltd and ARM Germany GmbH. All rights reserved.
License Information: RIO Admin, RIO, LIC=QF8PC-7RNYD-EH28P-M9RBM-C6LJL-MBQCR
 
Tool Versions:
Toolchain:       MDK-ARM Standard  Version: 5.14.0.0
Toolchain Path:  C:\Keil_v5\ARM\ARMCC\Bin
C Compiler:      Armcc.exe V5.05 update 1 (build 106)
Assembler:       Armasm.exe V5.05 update 1 (build 106)
Linker/Locator:  ArmLink.exe V5.05 update 1 (build 106)
Library Manager: ArmAr.exe V5.05 update 1 (build 106)
Hex Converter:   FromElf.exe V5.05 update 1 (build 106)
CPU DLL:         SARMCM3.DLL V5.14.0.0
Dialog DLL:      DCM.DLL V1.13.1.0
Target DLL:      CMSIS_AGDI.dll V1.21.0.0
Dialog DLL:      TCM.DLL V1.14.4.0
 
<h2>Project:</h2>
C:\Users\Admin\Desktop\123\xinlv_picture\MDK-ARM\xinlv_picture.uvprojx
Project File Date:  04/20/2025

<h2>Output:</h2>
Build target 'xinlv_picture'
compiling main.c...
../BSP/max30102.h(41): warning:  #1-D: last line of file ends without a newline
  #endif
../Core/Src/main.c(111): warning:  #177-D: variable "red_value" was declared but never referenced
      uint32_t red_value, ir_value;
../Core/Src/main.c(111): warning:  #177-D: variable "ir_value" was declared but never referenced
      uint32_t red_value, ir_value;
../Core/Src/main.c(112): warning:  #177-D: variable "waveform_data" was declared but never referenced
      uint32_t waveform_data[128];
../Core/Src/main.c(113): warning:  #177-D: variable "index" was declared but never referenced
      uint16_t index = 0;
../Core/Src/main.c: 5 warnings, 0 errors
linking...
Program Size: Code=9740 RO-data=8252 RW-data=60 ZI-data=13236  
FromELF: creating hex file...
"xinlv_picture\xinlv_picture.axf" - 0 Error(s), 5 Warning(s).

<h2>Software Packages used:</h2>

Package Vendor: ARM
                http://www.keil.com/pack/ARM.CMSIS.4.2.0.pack
                ARM::CMSIS:CORE:3.40.0
                CMSIS (Cortex Microcontroller Software Interface Standard)
   * Component: CORE Version: 3.40.0

<h2>Collection of Component include folders:</h2>
  C:\Users\Admin\Desktop\123\xinlv_picture\MDK-ARM\RTE
  C:\Keil_v5\ARM\PACK\ARM\CMSIS\4.2.0\CMSIS\Include
  C:\Keil_v5\ARM\PACK\Keil\STM32F1xx_DFP\2.4.1

<h2>Collection of Component Files used:</h2>

   * Component: ARM::CMSIS:CORE:3.40.0
      Source file:   CMSIS\UserCodeTemplates\ARM\ITM_Retarget.c
</pre>
</body>
</html>
